Processing /data/gpfs/assoc/pgl/filip/bwtandem/Col-CEN_v1.2/Col-CEN_v1.2.fasta...
Total repeats found: 30329
Total time: 704.17s
Results written to benchmarking_results/bwtandem/results/Col-CEN_v1.2.bed
	Command being timed: "singularity exec ./bwtbench.sif python3 -m src.main /data/gpfs/assoc/pgl/filip/bwtandem/Col-CEN_v1.2/Col-CEN_v1.2.fasta --format bed -o benchmarking_results/bwtandem/results/Col-CEN_v1.2 -t 2"
	User time (seconds): 1284.49
	System time (seconds): 24.10
	Percent of CPU this job got: 185%
	Elapsed (wall clock) time (h:mm:ss or m:ss): 11:45.20
	Average shared text size (kbytes): 0
	Average unshared data size (kbytes): 0
	Average stack size (kbytes): 0
	Average total size (kbytes): 0
	Maximum resident set size (kbytes): 5583388
	Average resident set size (kbytes): 0
	Major (requiring I/O) page faults: 0
	Minor (reclaiming a frame) page faults: 9633455
	Voluntary context switches: 8888
	Involuntary context switches: 4437
	Swaps: 0
	File system inputs: 0
	File system outputs: 0
	Socket messages sent: 0
	Socket messages received: 0
	Signals delivered: 0
	Page size (bytes): 4096
	Exit status: 0
