Processing /data/gpfs/assoc/pgl/filip/bwtandem/Zm/GCA_022117705.1_Zm-Mo17-REFERENCE-CAU-T2T-assembly_genomic.fna...
Total repeats found: 54283
Total time: 3187.86s
Results written to benchmarking_results/bwtandem/results/GCA_022117705.1_Zm-Mo17-REFERENCE-CAU-T2T-assembly_genomic_bwtandem_exp3A_microsatellite.bed
	Command being timed: "singularity exec ./bwtbench.sif python3 -m src.main /data/gpfs/assoc/pgl/filip/bwtandem/Zm/GCA_022117705.1_Zm-Mo17-REFERENCE-CAU-T2T-assembly_genomic.fna --tiers tier1 --min-period 1 --max-period 6 --format bed -o benchmarking_results/bwtandem/results/GCA_022117705.1_Zm-Mo17-REFERENCE-CAU-T2T-assembly_genomic_bwtandem_exp3A_microsatellite -t 1"
	User time (seconds): 2796.76
	System time (seconds): 427.25
	Percent of CPU this job got: 101%
	Elapsed (wall clock) time (h:mm:ss or m:ss): 53:10.52
	Average shared text size (kbytes): 0
	Average unshared data size (kbytes): 0
	Average stack size (kbytes): 0
	Average total size (kbytes): 0
	Maximum resident set size (kbytes): 47823580
	Average resident set size (kbytes): 0
	Major (requiring I/O) page faults: 0
	Minor (reclaiming a frame) page faults: 141942314
	Voluntary context switches: 3037
	Involuntary context switches: 3081
	Swaps: 0
	File system inputs: 0
	File system outputs: 0
	Socket messages sent: 0
	Socket messages received: 0
	Signals delivered: 0
	Page size (bytes): 4096
	Exit status: 0
