Processing /data/gpfs/assoc/pgl/filip/bwtandem/Zm/GCA_022117705.1_Zm-Mo17-REFERENCE-CAU-T2T-assembly_genomic.fna...
Total repeats found: 7622
Total time: 15348.60s
Results written to benchmarking_results/bwtandem/results/GCA_022117705.1_Zm-Mo17-REFERENCE-CAU-T2T-assembly_genomic_bwtandem_exp3C_centc.bed
	Command being timed: "singularity exec ./bwtbench.sif python3 -m src.main /data/gpfs/assoc/pgl/filip/bwtandem/Zm/GCA_022117705.1_Zm-Mo17-REFERENCE-CAU-T2T-assembly_genomic.fna --tiers tier3 --min-period 100 --max-period 200 --min-array-bp 500 --tier3-mode fast --format bed -o benchmarking_results/bwtandem/results/GCA_022117705.1_Zm-Mo17-REFERENCE-CAU-T2T-assembly_genomic_bwtandem_exp3C_centc -t 1"
	User time (seconds): 14837.01
	System time (seconds): 549.78
	Percent of CPU this job got: 100%
	Elapsed (wall clock) time (h:mm:ss or m:ss): 4:15:58
	Average shared text size (kbytes): 0
	Average unshared data size (kbytes): 0
	Average stack size (kbytes): 0
	Average total size (kbytes): 0
	Maximum resident set size (kbytes): 47741192
	Average resident set size (kbytes): 0
	Major (requiring I/O) page faults: 0
	Minor (reclaiming a frame) page faults: 435868314
	Voluntary context switches: 4513
	Involuntary context switches: 13503
	Swaps: 0
	File system inputs: 0
	File system outputs: 0
	Socket messages sent: 0
	Socket messages received: 0
	Signals delivered: 0
	Page size (bytes): 4096
	Exit status: 0
