Processing /data/gpfs/assoc/pgl/filip/bwtandem/ncbi_dataset/data/GCF_000001405.26/GCF_000001405.26_GRCh38_genomic.fna...
Total repeats found: 695062
Total time: 17601.01s
Results written to benchmarking_results/bwtandem/results/GCF_000001405.26_GRCh38_genomic.bed
	Command being timed: "singularity exec ./bwtbench.sif python3 -m src.main /data/gpfs/assoc/pgl/filip/bwtandem/ncbi_dataset/data/GCF_000001405.26/GCF_000001405.26_GRCh38_genomic.fna --format bed -o benchmarking_results/bwtandem/results/GCF_000001405.26_GRCh38_genomic -t 2"
	User time (seconds): 32605.07
	System time (seconds): 2542.30
	Percent of CPU this job got: 199%
	Elapsed (wall clock) time (h:mm:ss or m:ss): 4:53:23
	Average shared text size (kbytes): 0
	Average unshared data size (kbytes): 0
	Average stack size (kbytes): 0
	Average total size (kbytes): 0
	Maximum resident set size (kbytes): 44020972
	Average resident set size (kbytes): 0
	Major (requiring I/O) page faults: 0
	Minor (reclaiming a frame) page faults: 367423641
	Voluntary context switches: 114042
	Involuntary context switches: 72796
	Swaps: 0
	File system inputs: 0
	File system outputs: 0
	Socket messages sent: 0
	Socket messages received: 0
	Signals delivered: 0
	Page size (bytes): 4096
	Exit status: 0
